{
  "f": {
    "params": [ { "name": "%x(f)", "used": true, "freed": false } ],
    "ret": [ "'''%x(f)" ],
    "env": {
      "%x(f)": [ "'%x(f)" ],
      "%0(f)": [ "''%x(f)" ],
      "%1(f)": [ "'''%x(f)" ],
      "'%x(f)": [ "''%x(f)" ],
      "''%x(f)": [ "'''%x(f)" ]
    }
  },
  "g": {
    "params": [ { "name": "%x(g)", "used": true, "freed": false } ],
    "ret": [ "'''%x(g)" ],
    "env": {
      "%x(f)": [ "'%x(g)" ],
      "%0(f)": [ "''%x(g)" ],
      "%1(f)": [ "'''%x(g)" ],
      "%x(g)": [ "'%x(g)" ],
      "%call(g)": [ "'''%x(g)" ],
      "'%x(g)": [ "''%x(g)" ],
      "''%x(f)": [ "'''%x(g)" ]
    }
  }
}