{
  "f": {
    "params": [ { "name": "%x(f)", "used": true, "freed": false } ],
    "ret": [ "'''%x(f)" ],
    "env": {
      "%x(f)": [ "'%x(f)" ],
      "%0(f)": [ "''%x(f)" ],
      "%1(f)": [ "'''%x(f)" ],
      "'%x(f)": [ "''%x(f)" ],
      "''%x(f)": [ "'''%x(f)" ]
    }
  },
  "g": {
    "params": [ { "name": "%x(g)", "used": true, "freed": false }, { "name": "%y(g)", "used": true, "freed": false }, { "name": "%z(g)", "used": false, "freed": false } ],
    "ret": [ "'''%x(g)", "'''%y(g)" ],
    "env": {
      "%x(f)": [ "'%x(g)", "'%y(g)" ],
      "%0(f)": [ "''%x(g)", "''%y(g)" ],
      "%1(f)": [ "'''%x(g)", "'''%y(g)" ],
      "%x(g)": [ "'%x(g)" ],
      "%y(g)": [ "'%y(g)" ],
      "%z(g)": [ "'%z(g)" ],
      "%tobool(g)": [],
      "%p.0(g)": [ "'%x(g)", "'%y(g)" ],
      "%call(g)": [ "'''%x(g)", "'''%y(g)" ],
      "'%x(g)": [ "''%x(g)", "''%y(g)" ],
      "'%y(g)": [ "''%x(g)", "''%y(g)" ],
      "''%x(f)": [ "'''%x(g)", "'''%y(g)" ]
    }
  }
}